// Jest Snapshot v1, https://goo.gl/fbAQLP

exports[`Tests for LogFile constructor throws an error when providing a invalid output path 1`] = `"Could not write log to: /not-existing-path/test.log ()"`;
