// Jest Snapshot v1, https://goo.gl/fbAQLP

exports[`Tests for parseCommand throws an error if the command is invalid 1`] = `"Error: invalid-command is not a valid glover command"`;
